{
  "source": {
    "file": "defObjectTypeDef1.bal"
  },
  "position": {
    "line": 4,
    "character": 26
  },
  "result": [
    {
      "range": {
        "start": {
          "line": 23,
          "character": 12
        },
        "end": {
          "line": 23,
          "character": 18
        }
      },
      "uri": "src/ballerina_http_0.0.0/http_connection.bal"
    }
  ]
}
