{
  "source": {
    "file": "defObjectTypeDef1.bal"
  },
  "position": {
    "line": 7,
    "character": 12
  },
  "result": [
    {
      "range": {
        "start": {
          "line": 35,
          "character": 16
        },
        "end": {
          "line": 35,
          "character": 23
        }
      },
      "uri": "src/ballerina_io_0.0.0/print.bal"
    }
  ]
}
