{
  "source": {
    "file": "defFl43.bal"
  },
  "position": {
    "line": 46,
    "character": 21
  },
  "result": [
    {
      "range": {
        "start": {
          "line": 45,
          "character": 21
        },
        "end": {
          "line": 45,
          "character": 27
        }
      },
      "uri": "defFl43.bal"
    }
  ]
}
