{
  "source": {
    "file": "defFl43.bal"
  },
  "position": {
    "line": 45,
    "character": 36
  },
  "result": [
    {
      "range": {
        "start": {
          "line": 43,
          "character": 13
        },
        "end": {
          "line": 43,
          "character": 23
        }
      },
      "uri": "defFl43.bal"
    }
  ]
}
